Component: Arm Compiler for Embedded 6.23 Tool: armlink [5f102400]

==============================================================================

Section Cross References

    main.o(.text) refers (Special) to _printf_percent.o(.ARM.Collect$$_printf_percent$$00000000) for _printf_percent
    main.o(.text) refers (Special) to _printf_s.o(.ARM.Collect$$_printf_percent$$00000014) for _printf_s
    main.o(.text) refers (Special) to _printf_x.o(.ARM.Collect$$_printf_percent$$0000000C) for _printf_x
    main.o(.text) refers (Special) to _printf_d.o(.ARM.Collect$$_printf_percent$$00000009) for _printf_d
    main.o(.text) refers (Special) to _printf_dec.o(.text) for _printf_int_dec
    main.o(.text) refers (Special) to _printf_hex_int.o(.text) for _printf_longlong_hex
    main.o(.text) refers (Special) to _printf_str.o(.text) for _printf_str
    main.o(.text.main) refers (Special) to _printf_percent.o(.ARM.Collect$$_printf_percent$$00000000) for _printf_percent
    main.o(.text.main) refers (Special) to _printf_s.o(.ARM.Collect$$_printf_percent$$00000014) for _printf_s
    main.o(.text.main) refers (Special) to _printf_x.o(.ARM.Collect$$_printf_percent$$0000000C) for _printf_x
    main.o(.text.main) refers (Special) to _printf_d.o(.ARM.Collect$$_printf_percent$$00000009) for _printf_d
    main.o(.text.main) refers (Special) to _printf_dec.o(.text) for _printf_int_dec
    main.o(.text.main) refers (Special) to _printf_hex_int.o(.text) for _printf_longlong_hex
    main.o(.text.main) refers (Special) to _printf_str.o(.text) for _printf_str
    main.o(.text.main) refers to main.o(.rodata.str1.1) for .Lstr
    main.o(.text.main) refers to puts.o(.text) for puts
    main.o(.text.main) refers to noretval__2printf.o(.text) for __2printf
    main.o(.text.main) refers to hash_init.o(.text) for hash_init
    main.o(.text.main) refers to hash_interm.o(.text) for hash_interm
    main.o(.text.main) refers to fibonacci.o(.text) for fibonacci
    main.o(.text.main) refers to xor_checksum.o(.text) for xor_checksum
    main.o(.ARM.exidx.text.main) refers (Special) to _printf_percent.o(.ARM.Collect$$_printf_percent$$00000000) for _printf_percent
    main.o(.ARM.exidx.text.main) refers (Special) to _printf_s.o(.ARM.Collect$$_printf_percent$$00000014) for _printf_s
    main.o(.ARM.exidx.text.main) refers (Special) to _printf_x.o(.ARM.Collect$$_printf_percent$$0000000C) for _printf_x
    main.o(.ARM.exidx.text.main) refers (Special) to _printf_d.o(.ARM.Collect$$_printf_percent$$00000009) for _printf_d
    main.o(.ARM.exidx.text.main) refers (Special) to _printf_dec.o(.text) for _printf_int_dec
    main.o(.ARM.exidx.text.main) refers (Special) to _printf_hex_int.o(.text) for _printf_longlong_hex
    main.o(.ARM.exidx.text.main) refers (Special) to _printf_str.o(.text) for _printf_str
    main.o(.ARM.exidx.text.main) refers to main.o(.text.main) for [Anonymous Symbol]
    main.o(.rodata.str1.1) refers (Special) to _printf_percent.o(.ARM.Collect$$_printf_percent$$00000000) for _printf_percent
    main.o(.rodata.str1.1) refers (Special) to _printf_s.o(.ARM.Collect$$_printf_percent$$00000014) for _printf_s
    main.o(.rodata.str1.1) refers (Special) to _printf_x.o(.ARM.Collect$$_printf_percent$$0000000C) for _printf_x
    main.o(.rodata.str1.1) refers (Special) to _printf_d.o(.ARM.Collect$$_printf_percent$$00000009) for _printf_d
    main.o(.rodata.str1.1) refers (Special) to _printf_dec.o(.text) for _printf_int_dec
    main.o(.rodata.str1.1) refers (Special) to _printf_hex_int.o(.text) for _printf_longlong_hex
    main.o(.rodata.str1.1) refers (Special) to _printf_str.o(.text) for _printf_str
    main.o(.rodata..L__const.main.digit_values) refers (Special) to _printf_percent.o(.ARM.Collect$$_printf_percent$$00000000) for _printf_percent
    main.o(.rodata..L__const.main.digit_values) refers (Special) to _printf_s.o(.ARM.Collect$$_printf_percent$$00000014) for _printf_s
    main.o(.rodata..L__const.main.digit_values) refers (Special) to _printf_x.o(.ARM.Collect$$_printf_percent$$0000000C) for _printf_x
    main.o(.rodata..L__const.main.digit_values) refers (Special) to _printf_d.o(.ARM.Collect$$_printf_percent$$00000009) for _printf_d
    main.o(.rodata..L__const.main.digit_values) refers (Special) to _printf_dec.o(.text) for _printf_int_dec
    main.o(.rodata..L__const.main.digit_values) refers (Special) to _printf_hex_int.o(.text) for _printf_longlong_hex
    main.o(.rodata..L__const.main.digit_values) refers (Special) to _printf_str.o(.text) for _printf_str
    main.o(.ARM.use_no_argv) refers (Special) to _printf_percent.o(.ARM.Collect$$_printf_percent$$00000000) for _printf_percent
    main.o(.ARM.use_no_argv) refers (Special) to _printf_s.o(.ARM.Collect$$_printf_percent$$00000014) for _printf_s
    main.o(.ARM.use_no_argv) refers (Special) to _printf_x.o(.ARM.Collect$$_printf_percent$$0000000C) for _printf_x
[...]
    Removing libunwind.cpp.o(.text._ZN9libunwind12UnwindCursorINS_17LocalAddressSpaceENS_13Registers_armEE13isSignalFrameEv), (6 bytes).
    Removing libunwind.cpp.o(.ARM.exidx.text._ZN9libunwind12UnwindCursorINS_17LocalAddressSpaceENS_13Registers_armEE13isSignalFrameEv), (8 bytes).
    Removing libunwind.cpp.o(.text._ZN9libunwind12UnwindCursorINS_17LocalAddressSpaceENS_13Registers_armEE15getFunctionNameEPcjPj), (16 bytes).
    Removing libunwind.cpp.o(.ARM.exidx.text._ZN9libunwind12UnwindCursorINS_17LocalAddressSpaceENS_13Registers_armEE15getFunctionNameEPcjPj), (8 bytes).
    Removing libunwind.cpp.o(.text._ZN9libunwind12UnwindCursorINS_17LocalAddressSpaceENS_13Registers_armEE24setInfoBasedOnIPRegisterEb), (116 bytes).
    Removing libunwind.cpp.o(.ARM.exidx.text._ZN9libunwind12UnwindCursorINS_17LocalAddressSpaceENS_13Registers_armEE24setInfoBasedOnIPRegisterEb), (8 bytes).
    Removing libunwind.cpp.o(.text._ZN9libunwind12UnwindCursorINS_17LocalAddressSpaceENS_13Registers_armEE15getRegisterNameEi), (6 bytes).
    Removing libunwind.cpp.o(.ARM.exidx.text._ZN9libunwind12UnwindCursorINS_17LocalAddressSpaceENS_13Registers_armEE15getRegisterNameEi), (8 bytes).
    Removing libunwind.cpp.o(.text._ZN9libunwind12UnwindCursorINS_17LocalAddressSpaceENS_13Registers_armEE10saveVFPAsXEv), (8 bytes).
    Removing libunwind.cpp.o(.ARM.exidx.text._ZN9libunwind12UnwindCursorINS_17LocalAddressSpaceENS_13Registers_armEE10saveVFPAsXEv), (8 bytes).
    Removing libunwind.cpp.o(.text._ZN9libunwind12UnwindCursorINS_17LocalAddressSpaceENS_13Registers_armEE13stepWithEHABIEv), (48 bytes).
    Removing libunwind.cpp.o(.ARM.exidx.text._ZN9libunwind12UnwindCursorINS_17LocalAddressSpaceENS_13Registers_armEE13stepWithEHABIEv), (8 bytes).
    Removing libunwind.cpp.o(.text._ZN9libunwind13Registers_arm26restoreSavedFloatRegistersEv), (56 bytes).
    Removing libunwind.cpp.o(.ARM.exidx.text._ZN9libunwind13Registers_arm26restoreSavedFloatRegistersEv), (8 bytes).
    Removing libunwind.cpp.o(.text._ZN9libunwind12UnwindCursorINS_17LocalAddressSpaceENS_13Registers_armEE23getInfoFromEHABISectionEjRKNS_18UnwindInfoSectionsE), (394 bytes).
    Removing libunwind.cpp.o(.ARM.exidx.text._ZN9libunwind12UnwindCursorINS_17LocalAddressSpaceENS_13Registers_armEE23getInfoFromEHABISectionEjRKNS_18UnwindInfoSectionsE), (8 bytes).
    Removing libunwind.cpp.o(.text._ZN9libunwind13Registers_arm15getRegisterNameEi), (916 bytes).
    Removing libunwind.cpp.o(.ARM.exidx.text._ZN9libunwind13Registers_arm15getRegisterNameEi), (8 bytes).
    Removing libunwind.cpp.o(.rodata._ZTVN9libunwind12UnwindCursorINS_17LocalAddressSpaceENS_13Registers_armEEE), (72 bytes).

602 unused section(s) (total 16683 bytes) removed from the image.

==============================================================================

Image Symbol Table

    Local Symbols

    Symbol Name                              Value     Ov Type        Size  Object(Section)

    ../clib/angel/boardlib.s                 0x00000000   Number         0  boardinit1.o ABSOLUTE
    ../clib/angel/boardlib.s                 0x00000000   Number         0  boardinit2.o ABSOLUTE
    ../clib/angel/boardlib.s                 0x00000000   Number         0  boardinit3.o ABSOLUTE
    ../clib/angel/boardlib.s                 0x00000000   Number         0  boardshut.o ABSOLUTE
    ../clib/angel/handlers.s                 0x00000000   Number         0  __scatter_copy.o ABSOLUTE
    ../clib/angel/handlers.s                 0x00000000   Number         0  __scatter_zi.o ABSOLUTE
    ../clib/angel/kernel.s                   0x00000000   Number         0  __rtentry.o ABSOLUTE
    ../clib/angel/kernel.s                   0x00000000   Number         0  __rtentry2.o ABSOLUTE
    ../clib/angel/kernel.s                   0x00000000   Number         0  __rtentry4.o ABSOLUTE
    ../clib/angel/kernel.s                   0x00000000   Number         0  rtexit.o ABSOLUTE
    ../clib/angel/kernel.s                   0x00000000   Number         0  rtexit2.o ABSOLUTE
    ../clib/angel/rt.s                       0x00000000   Number         0  rt_heap_descriptor.o ABSOLUTE
    ../clib/angel/rt.s                       0x00000000   Number         0  rt_heap_descriptor_intlibspace.o ABSOLUTE
    ../clib/angel/rt.s                       0x00000000   Number         0  rt_raise.o ABSOLUTE
    ../clib/angel/rt.s                       0x00000000   Number         0  rt_errno_addr.o ABSOLUTE
    ../clib/angel/rt.s                       0x00000000   Number         0  rt_errno_addr_intlibspace.o ABSOLUTE
    ../clib/angel/scatter.s                  0x00000000   Number         0  __scatter.o ABSOLUTE
    ../clib/angel/startup.s                  0x00000000   Number         0  __main.o ABSOLUTE
    ../clib/angel/sys.s                      0x00000000   Number         0  mutex_dummy.o ABSOLUTE
    ../clib/angel/sys.s                      0x00000000   Number         0  libspace.o ABSOLUTE
    ../clib/angel/sys.s                      0x00000000   Number         0  use_no_semi.o ABSOLUTE
    ../clib/angel/sys.s                      0x00000000   Number         0  indicate_semi.o ABSOLUTE
    ../clib/angel/sys.s                      0x00000000   Number         0  sys_stackheap_outer.o ABSOLUTE
    ../clib/angel/sysapp.c                   0x00000000   Number         0  sys_command.o ABSOLUTE
    ../clib/angel/sysapp.c                   0x00000000   Number         0  sys_exit.o ABSOLUTE
    ../clib/angel/sysapp.c                   0x00000000   Number         0  sys_command_hlt.o ABSOLUTE
    ../clib/angel/sysapp.c                   0x00000000   Number         0  sys_exit_hlt.o ABSOLUTE
    ../clib/angel/sysapp.c                   0x00000000   Number         0  sys_wrch.o ABSOLUTE
    ../clib/angel/sysapp.c                   0x00000000   Number         0  sys_wrch_hlt.o ABSOLUTE
    ../clib/armsys.c                         0x00000000   Number         0  _get_argv.o ABSOLUTE
    ../clib/armsys.c                         0x00000000   Number         0  argv_veneer.o ABSOLUTE
    ../clib/armsys.c                         0x00000000   Number         0  argv_veneer.o ABSOLUTE
    ../clib/armsys.c                         0x00000000   Number         0  _get_argv_nomalloc.o ABSOLUTE
    ../clib/armsys.c                         0x00000000   Number         0  no_argv.o ABSOLUTE
    ../clib/assert.c                         0x00000000   Number         0  assert_stdio.o ABSOLUTE
    ../clib/heap1.c                          0x00000000   Number         0  h1_alloc.o ABSOLUTE
    ../clib/heap1.c                          0x00000000   Number         0  h1_alloc_threads.o ABSOLUTE
    ../clib/heap1.c                          0x00000000   Number         0  h1_init.o ABSOLUTE
    ../clib/heap1.c                          0x00000000   Number         0  h1_free.o ABSOLUTE
    ../clib/heap1.c                          0x00000000   Number         0  h1_init_threads.o ABSOLUTE
    ../clib/heap1.c                          0x00000000   Number         0  h1_free_threads.o ABSOLUTE
    ../clib/heap1.c                          0x00000000   Number         0  h1_extend.o ABSOLUTE
    ../clib/heap1.c                          0x00000000   Number         0  h1_extend_threads.o ABSOLUTE
    ../clib/heap1.c                          0x00000000   Number         0  h1_final.o ABSOLUTE
    ../clib/heap1.c                          0x00000000   Number         0  h1_final_threads.o ABSOLUTE
    ../clib/heap2.c                          0x00000000   Number         0  heap2.o ABSOLUTE
    ../clib/heap2.c                          0x00000000   Number         0  heap2_threads.o ABSOLUTE
    ../clib/heap2.c                          0x00000000   Number         0  fdtree.o ABSOLUTE
    ../clib/heapalloc.c                      0x00000000   Number         0  malloc.o ABSOLUTE
    ../clib/heapalloc.c                      0x00000000   Number         0  hguard.o ABSOLUTE
    ../clib/heapalloc.c                      0x00000000   Number         0  init_alloc.o ABSOLUTE
    ../clib/heapalloc.c                      0x00000000   Number         0  free.o ABSOLUTE
    ../clib/heapalloc.c                      0x00000000   Number         0  heapstubs.o ABSOLUTE
    ../clib/heapalloc.c                      0x00000000   Number         0  hrguard.o ABSOLUTE
    ../clib/heapalloc.c                      0x00000000   Number         0  term_alloc.o ABSOLUTE
    ../clib/heapaux.c                        0x00000000   Number         0  heapauxi.o ABSOLUTE
    ../clib/heapaux.c                        0x00000000   Number         0  heapauxa.o ABSOLUTE
    ../clib/libinit.s                        0x00000000   Number         0  libinit2.o ABSOLUTE
    ../clib/libinit.s                        0x00000000   Number         0  libinit.o ABSOLUTE
    ../clib/libinit.s                        0x00000000   Number         0  libshutdown2.o ABSOLUTE
    ../clib/libinit.s                        0x00000000   Number         0  libshutdown.o ABSOLUTE
    ../clib/maybe.s                          0x00000000   Number         0  maybetermalloc1.o ABSOLUTE
    ../clib/maybe.s                          0x00000000   Number         0  maybetermalloc2.o ABSOLUTE
    ../clib/memcpset.s                       0x00000000   Number         0  strcmpv7em.o ABSOLUTE
    ../clib/memcpset.s                       0x00000000   Number         0  rt_memcpy_w.o ABSOLUTE
    ../clib/memcpset.s                       0x00000000   Number         0  rt_memcpy_v6.o ABSOLUTE
    ../clib/memcpset.s                       0x00000000   Number         0  rt_memclr_w.o ABSOLUTE
    ../clib/printf.c                         0x00000000   Number         0  __2printf.o ABSOLUTE
    ../clib/printf.c                         0x00000000   Number         0  noretval__2printf.o ABSOLUTE
    ../clib/printf.c                         0x00000000   Number         0  __printf.o ABSOLUTE
    ../clib/printf.c                         0x00000000   Number         0  _printf_str.o ABSOLUTE
    ../clib/printf.c                         0x00000000   Number         0  _printf_dec.o ABSOLUTE
    ../clib/printf.c                         0x00000000   Number         0  _printf_hex_ll.o ABSOLUTE
    ../clib/printf.c                         0x00000000   Number         0  _printf_hex_int.o ABSOLUTE
    ../clib/printf.c                         0x00000000   Number         0  _printf_hex_int_ll.o ABSOLUTE
    ../clib/printf.c                         0x00000000   Number         0  _printf_hex_ptr.o ABSOLUTE
    ../clib/printf.c                         0x00000000   Number         0  _printf_hex_int_ptr.o ABSOLUTE
    ../clib/printf.c                         0x00000000   Number         0  _printf_hex_ll_ptr.o ABSOLUTE
    ../clib/printf.c                         0x00000000   Number         0  _printf_hex_int_ll_ptr.o ABSOLUTE
    ../clib/printf.c                         0x00000000   Number         0  __printf_flags.o ABSOLUTE
    ../clib/printf.c                         0x00000000   Number         0  __printf_ss.o ABSOLUTE
    ../clib/printf.c                         0x00000000   Number         0  __printf_flags_ss.o ABSOLUTE
    ../clib/printf.c                         0x00000000   Number         0  __printf_wp.o ABSOLUTE
    ../clib/printf.c                         0x00000000   Number         0  __printf_flags_wp.o ABSOLUTE
    ../clib/printf.c                         0x00000000   Number         0  __printf_ss_wp.o ABSOLUTE
    ../clib/printf.c                         0x00000000   Number         0  __printf_flags_ss_wp.o ABSOLUTE
    ../clib/printf.c                         0x00000000   Number         0  _printf_intcommon.o ABSOLUTE
    ../clib/printf.c                         0x00000000   Number         0  _printf_char.o ABSOLUTE
    ../clib/printf.c                         0x00000000   Number         0  _printf_char_file.o ABSOLUTE
    ../clib/printf.c                         0x00000000   Number         0  _printf_char_common.o ABSOLUTE
    ../clib/printf.c                         0x00000000   Number         0  __printf_nopercent.o ABSOLUTE
    ../clib/printf.c                         0x00000000   Number         0  _printf_char_file_locked.o ABSOLUTE
    ../clib/printf_percent.s                 0x00000000   Number         0  _printf_s.o ABSOLUTE
    ../clib/printf_percent.s                 0x00000000   Number         0  _printf_x.o ABSOLUTE
    ../clib/printf_percent.s                 0x00000000   Number         0  _printf_d.o ABSOLUTE
    ../clib/printf_percent.s                 0x00000000   Number         0  _printf_percent.o ABSOLUTE
    ../clib/printf_percent.s                 0x00000000   Number         0  _printf_percent_end.o ABSOLUTE
    ../clib/signal.c                         0x00000000   Number         0  defsig_abrt_outer.o ABSOLUTE
    ../clib/signal.c                         0x00000000   Number         0  defsig_abrt_formal.o ABSOLUTE
    ../clib/signal.c                         0x00000000   Number         0  defsig_rtmem_outer.o ABSOLUTE
    ../clib/signal.c                         0x00000000   Number         0  defsig_rtmem_formal.o ABSOLUTE
    ../clib/signal.c                         0x00000000   Number         0  defsig_exit.o ABSOLUTE
    ../clib/signal.c                         0x00000000   Number         0  defsig_abrt_inner.o ABSOLUTE
    ../clib/signal.c                         0x00000000   Number         0  defsig_rtred_outer.o ABSOLUTE
    ../clib/signal.c                         0x00000000   Number         0  defsig_rtred_formal.o ABSOLUTE
    ../clib/signal.c                         0x00000000   Number         0  defsig_rtmem_inner.o ABSOLUTE
    ../clib/signal.c                         0x00000000   Number         0  __raise.o ABSOLUTE
    ../clib/signal.c                         0x00000000   Number         0  defsig_general.o ABSOLUTE
    ../clib/signal.c                         0x00000000   Number         0  defsig_rtred_inner.o ABSOLUTE
    ../clib/signal.c                         0x00000000   Number         0  defsig_fpe_inner.o ABSOLUTE
    ../clib/signal.c                         0x00000000   Number         0  defsig_stak_inner.o ABSOLUTE
    ../clib/signal.c                         0x00000000   Number         0  defsig_pvfn_inner.o ABSOLUTE
    ../clib/signal.c                         0x00000000   Number         0  defsig_cppl_inner.o ABSOLUTE
    ../clib/signal.c                         0x00000000   Number         0  defsig_segv_inner.o ABSOLUTE
    ../clib/signal.c                         0x00000000   Number         0  defsig_other.o ABSOLUTE
    ../clib/signal.s                         0x00000000   Number         0  defsig.o ABSOLUTE
    ../clib/stdio.c                          0x00000000   Number         0  puts.o ABSOLUTE
    ../clib/stdio.c                          0x00000000   Number         0  fputc.o ABSOLUTE
    ../clib/stdio.c                          0x00000000   Number         0  stdio_streams.o ABSOLUTE
    ../clib/stdio.c                          0x00000000   Number         0  fputc_locked.o ABSOLUTE
    ../clib/stdio.c                          0x00000000   Number         0  ferror.o ABSOLUTE
    ../clib/stdio.c                          0x00000000   Number         0  flsbuf.o ABSOLUTE
    ../clib/stdio.c                          0x00000000   Number         0  initio.o ABSOLUTE
    ../clib/stdio.c                          0x00000000   Number         0  ferror_locked.o ABSOLUTE
    ../clib/stdio.c                          0x00000000   Number         0  initio_locked.o ABSOLUTE
    ../clib/stdio.c                          0x00000000   Number         0  setvbuf.o ABSOLUTE
    ../clib/stdio.c                          0x00000000   Number         0  stdio.o ABSOLUTE
    ../clib/stdio.c                          0x00000000   Number         0  fwritefast.o ABSOLUTE
    ../clib/stdio.c                          0x00000000   Number         0  streamlock.o ABSOLUTE
    ../clib/stdio.c                          0x00000000   Number         0  fopen.o ABSOLUTE
    ../clib/stdio.c                          0x00000000   Number         0  fclose.o ABSOLUTE
    ../clib/stdio.c                          0x00000000   Number         0  puts_locked.o ABSOLUTE
    ../clib/stdio.c                          0x00000000   Number         0  setvbuf_locked.o ABSOLUTE
    ../clib/stdio.c                          0x00000000   Number         0  fopen_locked.o ABSOLUTE
    ../clib/stdio.c                          0x00000000   Number         0  fwritefast_locked.o ABSOLUTE
    ../clib/stdio.c                          0x00000000   Number         0  fflush.o ABSOLUTE
    ../clib/stdio.c                          0x00000000   Number         0  fputs.o ABSOLUTE
    ../clib/stdio.c                          0x00000000   Number         0  fseek.o ABSOLUTE
    ../clib/stdio.c                          0x00000000   Number         0  fputs_locked.o ABSOLUTE
    ../clib/stdio.c                          0x00000000   Number         0  fflush_locked.o ABSOLUTE
    ../clib/stdio.c                          0x00000000   Number         0  ftell.o ABSOLUTE
    ../clib/stdlib.c                         0x00000000   Number         0  abort.o ABSOLUTE
    ../clib/stdlib.c                         0x00000000   Number         0  exit.o ABSOLUTE
    ../clib/wchar.c                          0x00000000   Number         0  flsbuf_fwide.o ABSOLUTE
    ../fplib/ddiv.s                          0x00000000   Number         0  ddiv.o ABSOLUTE
    ../fplib/dfixu.s                         0x00000000   Number         0  dfixu.o ABSOLUTE
    ../fplib/dflt.s                          0x00000000   Number         0  dflt_clz.o ABSOLUTE
    ../fplib/dnaninf.s                       0x00000000   Number         0  dnaninf.o ABSOLUTE
    ../fplib/dretinf.s                       0x00000000   Number         0  dretinf.o ABSOLUTE
    ../fplib/fpinit.s                        0x00000000   Number         0  fpinit.o ABSOLUTE
    ../fplib/usenofp.s                       0x00000000   Number         0  usenofp.o ABSOLUTE
    RTE/Device/STM32F411RETx/startup_stm32f411xe.s 0x00000000   Number         0  startup_stm32f411xe.o ABSOLUTE
    Unwind-EHABI.cpp                         0x00000000   Number         0  Unwind-EHABI.cpp.o ABSOLUTE
    adc.c                                    0x00000000   Number         0  adc.o ABSOLUTE
    comparator.c                             0x00000000   Number         0  comparator.o ABSOLUTE
    dc.s                                     0x00000000   Number         0  dc.o ABSOLUTE
    delay.c                                  0x00000000   Number         0  delay.o ABSOLUTE
    gpio.c                                   0x00000000   Number         0  gpio.o ABSOLUTE
    i2c.c                                    0x00000000   Number         0  i2c.o ABSOLUTE
    leds.c                                   0x00000000   Number         0  leds.o ABSOLUTE
    libunwind.cpp                            0x00000000   Number         0  libunwind.cpp.o ABSOLUTE
    main.c                                   0x00000000   Number         0  main.o ABSOLUTE
    queue.c                                  0x00000000   Number         0  queue.o ABSOLUTE
    retarget_io.c                            0x00000000   Number         0  retarget_io.o ABSOLUTE
    stderr_itm.c                             0x00000000   Number         0  stderr_itm.o ABSOLUTE
    stdin_itm.c                              0x00000000   Number         0  stdin_itm.o ABSOLUTE
    stdout_itm.c                             0x00000000   Number         0  stdout_itm.o ABSOLUTE
    stm32f4xx_adc.c                          0x00000000   Number         0  stm32f4xx_adc.o ABSOLUTE
    stm32f4xx_gpio.c                         0x00000000   Number         0  stm32f4xx_gpio.o ABSOLUTE
    stm32f4xx_i2c.c                          0x00000000   Number         0  stm32f4xx_i2c.o ABSOLUTE
    stm32f4xx_rcc.c                          0x00000000   Number         0  stm32f4xx_rcc.o ABSOLUTE
    stm32f4xx_usart.c                        0x00000000   Number         0  stm32f4xx_usart.o ABSOLUTE
    system_stm32f4xx.c                       0x00000000   Number         0  system_stm32f4xx.o ABSOLUTE
    timer.c                                  0x00000000   Number         0  timer.o ABSOLUTE
    uart.c                                   0x00000000   Number         0  uart.o ABSOLUTE
    RESET                                    0x08000000   Section      408  startup_stm32f411xe.o(RESET)
    !!!main                                  0x08000198   Section        8  __main.o(!!!main)
    !!!scatter                               0x080001a0   Section       92  __scatter.o(!!!scatter)
    !!handler_copy                           0x080001fc   Section       26  __scatter_copy.o(!!handler_copy)
    !!handler_null                           0x08000218   Section        2  __scatter.o(!!handler_null)
    !!handler_zi                             0x0800021c   Section       28  __scatter_zi.o(!!handler_zi)
    .ARM.Collect$$_printf_percent$$00000000  0x08000238   Section        0  _printf_percent.o(.ARM.Collect$$_printf_percent$$00000000)
    .ARM.Collect$$_printf_percent$$00000009  0x08000238   Section        6  _printf_d.o(.ARM.Collect$$_printf_percent$$00000009)
    .ARM.Collect$$_printf_percent$$0000000C  0x0800023e   Section        6  _printf_x.o(.ARM.Collect$$_printf_percent$$0000000C)
    .ARM.Collect$$_printf_percent$$00000014  0x08000244   Section        6  _printf_s.o(.ARM.Collect$$_printf_percent$$00000014)
    .ARM.Collect$$_printf_percent$$00000017  0x0800024a   Section        4  _printf_percent_end.o(.ARM.Collect$$_printf_percent$$00000017)
    .ARM.Collect$$libinit$$00000000          0x0800024e   Section        2  libinit.o(.ARM.Collect$$libinit$$00000000)
    .ARM.Collect$$libinit$$00000001          0x08000250   Section        4  libinit2.o(.ARM.Collect$$libinit$$00000001)
    .ARM.Collect$$libinit$$00000004          0x08000254   Section        0  libinit2.o(.ARM.Collect$$libinit$$00000004)
    .ARM.Collect$$libinit$$00000006          0x08000254   Section        0  libinit2.o(.ARM.Collect$$libinit$$00000006)
    .ARM.Collect$$libinit$$00000007          0x08000254   Section        8  libinit2.o(.ARM.Collect$$libinit$$00000007)
    .ARM.Collect$$libinit$$0000000C          0x0800025c   Section        0  libinit2.o(.ARM.Collect$$libinit$$0000000C)
    .ARM.Collect$$libinit$$0000000E          0x0800025c   Section        0  libinit2.o(.ARM.Collect$$libinit$$0000000E)
    .ARM.Collect$$libinit$$00000010          0x0800025c   Section        0  libinit2.o(.ARM.Collect$$libinit$$00000010)
    .ARM.Collect$$libinit$$00000013          0x0800025c   Section        0  libinit2.o(.ARM.Collect$$libinit$$00000013)
    .ARM.Collect$$libinit$$00000015          0x0800025c   Section        0  libinit2.o(.ARM.Collect$$libinit$$00000015)
    .ARM.Collect$$libinit$$00000017          0x0800025c   Section        0  libinit2.o(.ARM.Collect$$libinit$$00000017)
    .ARM.Collect$$libinit$$00000019          0x0800025c   Section        0  libinit2.o(.ARM.Collect$$libinit$$00000019)
    .ARM.Collect$$libinit$$0000001B          0x0800025c   Section        0  libinit2.o(.ARM.Collect$$libinit$$0000001B)
    .ARM.Collect$$libinit$$0000001D          0x0800025c   Section        0  libinit2.o(.ARM.Collect$$libinit$$0000001D)
    .ARM.Collect$$libinit$$0000001F          0x0800025c   Section        0  libinit2.o(.ARM.Collect$$libinit$$0000001F)
    .ARM.Collect$$libinit$$00000021          0x0800025c   Section        0  libinit2.o(.ARM.Collect$$libinit$$00000021)
    .ARM.Collect$$libinit$$00000023          0x0800025c   Section        0  libinit2.o(.ARM.Collect$$libinit$$00000023)
    .ARM.Collect$$libinit$$00000025          0x0800025c   Section        0  libinit2.o(.ARM.Collect$$libinit$$00000025)
    .ARM.Collect$$libinit$$00000026          0x0800025c   Section        4  libinit2.o(.ARM.Collect$$libinit$$00000026)
    .ARM.Collect$$libinit$$00000027          0x08000260   Section        0  libinit2.o(.ARM.Collect$$libinit$$00000027)
    .ARM.Collect$$libinit$$0000002E          0x08000260   Section        0  libinit2.o(.ARM.Collect$$libinit$$0000002E)
    .ARM.Collect$$libinit$$00000030          0x08000260   Section        0  libinit2.o(.ARM.Collect$$libinit$$00000030)
    .ARM.Collect$$libinit$$00000032          0x08000260   Section        0  libinit2.o(.ARM.Collect$$libinit$$00000032)
    .ARM.Collect$$libinit$$00000034          0x08000260   Section        0  libinit2.o(.ARM.Collect$$libinit$$00000034)
    .ARM.Collect$$libinit$$00000035          0x08000260   Section        2  libinit2.o(.ARM.Collect$$libinit$$00000035)
    .ARM.Collect$$libshutdown$$00000000      0x08000262   Section        2  libshutdown.o(.ARM.Collect$$libshutdown$$00000000)
    .ARM.Collect$$libshutdown$$00000002      0x08000264   Section        0  libshutdown2.o(.ARM.Collect$$libshutdown$$00000002)
    .ARM.Collect$$libshutdown$$00000003      0x08000264   Section        4  libshutdown2.o(.ARM.Collect$$libshutdown$$00000003)
    .ARM.Collect$$libshutdown$$00000004      0x08000268   Section        0  libshutdown2.o(.ARM.Collect$$libshutdown$$00000004)
    .ARM.Collect$$libshutdown$$00000007      0x08000268   Section        0  libshutdown2.o(.ARM.Collect$$libshutdown$$00000007)
    .ARM.Collect$$libshutdown$$0000000A      0x08000268   Section        0  libshutdown2.o(.ARM.Collect$$libshutdown$$0000000A)
    .ARM.Collect$$libshutdown$$0000000C      0x08000268   Section        0  libshutdown2.o(.ARM.Collect$$libshutdown$$0000000C)
    .ARM.Collect$$libshutdown$$0000000F      0x08000268   Section        0  libshutdown2.o(.ARM.Collect$$libshutdown$$0000000F)
    .ARM.Collect$$libshutdown$$00000010      0x08000268   Section        2  libshutdown2.o(.ARM.Collect$$libshutdown$$00000010)
    .ARM.Collect$$rtentry$$00000000          0x0800026a   Section        0  __rtentry.o(.ARM.Collect$$rtentry$$00000000)
    .ARM.Collect$$rtentry$$00000002          0x0800026a   Section        0  __rtentry2.o(.ARM.Collect$$rtentry$$00000002)
    .ARM.Collect$$rtentry$$00000004          0x0800026a   Section        6  __rtentry4.o(.ARM.Collect$$rtentry$$00000004)
    .ARM.Collect$$rtentry$$00000009          0x08000270   Section        0  __rtentry2.o(.ARM.Collect$$rtentry$$00000009)
    .ARM.Collect$$rtentry$$0000000A          0x08000270   Section        4  __rtentry2.o(.ARM.Collect$$rtentry$$0000000A)
    .ARM.Collect$$rtentry$$0000000C          0x08000274   Section        0  __rtentry2.o(.ARM.Collect$$rtentry$$0000000C)
    .ARM.Collect$$rtentry$$0000000D          0x08000274   Section        8  __rtentry2.o(.ARM.Collect$$rtentry$$0000000D)
    .ARM.Collect$$rtexit$$00000000           0x0800027c   Section        2  rtexit.o(.ARM.Collect$$rtexit$$00000000)
    .ARM.Collect$$rtexit$$00000002           0x0800027e   Section        0  rtexit2.o(.ARM.Collect$$rtexit$$00000002)
    .ARM.Collect$$rtexit$$00000003           0x0800027e   Section        4  rtexit2.o(.ARM.Collect$$rtexit$$00000003)
    .ARM.Collect$$rtexit$$00000004           0x08000282   Section        6  rtexit2.o(.ARM.Collect$$rtexit$$00000004)
    [Anonymous Symbol]                       0x08000288   Section        0  hash_init.o(.text)
    LOOP                                     0x08000290   Number         0  hash_init.o(.text)
    NUMBER_START                             0x0800029c   Number         0  hash_init.o(.text)
    NUMBER_END                               0x080002a0   Number         0  hash_init.o(.text)
    CAPITAL_START                            0x080002ae   Number         0  hash_init.o(.text)
    CAPITAL_END                              0x080002b2   Number         0  hash_init.o(.text)
    LOWERCASE_START                          0x080002be   Number         0  hash_init.o(.text)
    LOWERCASE_END                            0x080002c2   Number         0  hash_init.o(.text)
    EXIT                                     0x080002d2   Number         0  hash_init.o(.text)
    [Anonymous Symbol]                       0x080002d4   Section        0  hash_interm.o(.text)
    DIGIT_SUM                                0x080002e0   Number         0  hash_interm.o(.text)
    EXIT                                     0x080002f4   Number         0  hash_interm.o(.text)
    [Anonymous Symbol]                       0x08000304   Section        0  fibonacci.o(.text)
    B0                                       0x08000306   Number         0  fibonacci.o(.text)
    B1                                       0x08000310   Number         0  fibonacci.o(.text)
    B2                                       0x0800031a   Number         0  fibonacci.o(.text)
    [Anonymous Symbol]                       0x08000338   Section        0  xor_checksum.o(.text)
    LOOP                                     0x08000340   Number         0  xor_checksum.o(.text)
    EXIT                                     0x0800034e   Number         0  xor_checksum.o(.text)
    $v0                                      0x08000350   Number         0  startup_stm32f411xe.o(.text)
    .text                                    0x08000350   Section       64  startup_stm32f411xe.o(.text)
    .text                                    0x08000390   Section        0  h1_alloc.o(.text)
    .text                                    0x080003f0   Section        0  noretval__2printf.o(.text)
    .text                                    0x08000408   Section        0  __printf.o(.text)
    .text                                    0x08000470   Section        0  _printf_str.o(.text)
    .text                                    0x080004c4   Section        0  _printf_dec.o(.text)
    .text                                    0x0800053c   Section        0  _printf_hex_int.o(.text)
    .text                                    0x08000594   Section        0  puts.o(.text)
    .text                                    0x080005c0   Section      124  strcmpv7em.o(.text)
    .text                                    0x0800063c   Section        0  heapauxi.o(.text)
    .text                                    0x08000644   Section        8  rt_heap_descriptor_intlibspace.o(.text)
    .text                                    0x0800064c   Section        0  hguard.o(.text)
    .text                                    0x08000650   Section        0  init_alloc.o(.text)
    .text                                    0x080006da   Section        0  h1_init.o(.text)
    .text                                    0x080006e6   Section        0  h1_free.o(.text)
    .text                                    0x08000734   Section        0  _printf_intcommon.o(.text)
    .text                                    0x080007e6   Section        0  _printf_char.o(.text)
    .text                                    0x08000814   Section        0  _printf_char_file.o(.text)
    .text                                    0x08000838   Section        0  sys_exit.o(.text)
    .text                                    0x08000844   Section        8  libspace.o(.text)
    .text                                    0x0800084c   Section        0  maybetermalloc1.o(.text)
    .text                                    0x0800084c   Section        0  h1_extend.o(.text)
    _printf_input_char                       0x08000881   Thumb Code    10  _printf_char_common.o(.text)
    .text                                    0x08000880   Section        0  _printf_char_common.o(.text)
    .text                                    0x080008b0   Section        0  ferror.o(.text)
    .text                                    0x080008b8   Section        0  flsbuf.o(.text)
    .text                                    0x08000a9c   Section        0  initio.o(.text)
    .text                                    0x08000bd4   Section        0  defsig_rtmem_outer.o(.text)
    .text                                    0x08000be2   Section       78  rt_memclr_w.o(.text)
    .text                                    0x08000c30   Section        2  use_no_semi.o(.text)
    .text                                    0x08000c32   Section        0  indicate_semi.o(.text)
    .text                                    0x08000c32   Section       74  sys_stackheap_outer.o(.text)
    .text                                    0x08000c7c   Section        0  setvbuf.o(.text)
    .text                                    0x08000cc4   Section        0  stdio.o(.text)
    _freopen_locked                          0x08000dcd   Thumb Code     0  fopen.o(.text)
    .text                                    0x08000dcc   Section        0  fopen.o(.text)
    .text                                    0x08000ebc   Section        0  fclose.o(.text)
    .text                                    0x08000f08   Section        0  exit.o(.text)
    .text                                    0x08000f1a   Section        0  defsig_exit.o(.text)
    .text                                    0x08000f24   Section        0  defsig_rtred_outer.o(.text)
    .text                                    0x08000f34   Section        0  defsig_rtmem_inner.o(.text)
    .text                                    0x08000f84   Section        0  fseek.o(.text)
    .text                                    0x0800107c   Section        0  defsig_general.o(.text)
    .text                                    0x080010b0   Section        0  defsig_rtred_inner.o(.text)
    .text                                    0x080010e4   Section        0  sys_wrch.o(.text)
    .text                                    0x080010f2   Section        0  ftell.o(.text)
    .text                                    0x08001134   Section        8  rt_errno_addr_intlibspace.o(.text)
    [Anonymous Symbol]                       0x0800113c   Section        0  gpio.o(.text.EXTI0_IRQHandler)
    [Anonymous Symbol]                       0x080011ac   Section        0  gpio.o(.text.EXTI15_10_IRQHandler)
    [Anonymous Symbol]                       0x0800121c   Section        0  gpio.o(.text.EXTI1_IRQHandler)
    [Anonymous Symbol]                       0x0800128c   Section        0  gpio.o(.text.EXTI2_IRQHandler)
    [Anonymous Symbol]                       0x080012fc   Section        0  gpio.o(.text.EXTI3_IRQHandler)
    [Anonymous Symbol]                       0x0800136c   Section        0  gpio.o(.text.EXTI4_IRQHandler)
    [Anonymous Symbol]                       0x080013dc   Section        0  gpio.o(.text.EXTI9_5_IRQHandler)
    [Anonymous Symbol]                       0x0800144c   Section        0  timer.o(.text.SysTick_Handler)
    [Anonymous Symbol]                       0x08001458   Section        0  system_stm32f4xx.o(.text.SystemInit)
    [Anonymous Symbol]                       0x0800146c   Section        0  uart.o(.text.USART2_IRQHandler)
    [Anonymous Symbol]                       0x080014b0   Section        0  stm32f4xx_usart.o(.text.USART_GetFlagStatus)
    [Anonymous Symbol]                       0x080014bc   Section        0  stm32f4xx_usart.o(.text.USART_ReceiveData)
    [Anonymous Symbol]                       0x080014c4   Section        0  retarget_io.o(.text._sys_close)
    [Anonymous Symbol]                       0x080014d8   Section        0  retarget_io.o(.text._sys_flen)
    [Anonymous Symbol]                       0x080014ec   Section        0  retarget_io.o(.text._sys_istty)
    [Anonymous Symbol]                       0x080014fc   Section        0  retarget_io.o(.text._sys_open)
    [Anonymous Symbol]                       0x08001558   Section        0  retarget_io.o(.text._sys_seek)
    [Anonymous Symbol]                       0x08001560   Section        0  retarget_io.o(.text._sys_write)
    [Anonymous Symbol]                       0x080015a4   Section        0  main.o(.text.main)
    [Anonymous Symbol]                       0x080016c8   Section        0  stderr_itm.o(.text.stderr_putchar)
    [Anonymous Symbol]                       0x080016f4   Section        0  stdout_itm.o(.text.stdout_putchar)
    i.fputc                                  0x08001720   Section        0  fputc.o(i.fputc)
    $v0                                      0x0800173c   Number         0  fpinit.o(x$fpl$fpinit)
    x$fpl$fpinit                             0x0800173c   Section       26  fpinit.o(x$fpl$fpinit)
    uc_hextab                                0x08001756   Data          20  _printf_hex_int.o(.constdata)
    .constdata                               0x08001756   Section       40  _printf_hex_int.o(.constdata)
    lc_hextab                                0x0800176a   Data          20  _printf_hex_int.o(.constdata)
    .Lstr                                    0x08001795   Data          70  main.o(.rodata.str1.1)
    [Anonymous Symbol]                       0x08001795   Section        0  main.o(.rodata.str1.1)
    .data                                    0x20000000   Section        4  stdio_streams.o(.data)
    .data                                    0x20000004   Section        4  stdio_streams.o(.data)
    .data                                    0x20000008   Section        4  stdio_streams.o(.data)
    .bss                                     0x20000010   Section       84  stdio_streams.o(.bss)
    .bss                                     0x20000064   Section       84  stdio_streams.o(.bss)
    .bss                                     0x200000b8   Section       84  stdio_streams.o(.bss)
    .bss                                     0x2000010c   Section       96  libspace.o(.bss)
    GPIO_callback                            0x2000016c   Data           4  gpio.o(.bss.GPIO_callback)
    [Anonymous Symbol]                       0x2000016c   Section        0  gpio.o(.bss.GPIO_callback)
    UART_callback                            0x2000017c   Data           4  uart.o(.bss.UART_callback)
    [Anonymous Symbol]                       0x2000017c   Section        0  uart.o(.bss.UART_callback)
    timer_callback                           0x20000180   Data           4  timer.o(.bss.timer_callback)
    [Anonymous Symbol]                       0x20000180   Section        0  timer.o(.bss.timer_callback)
    Heap_Mem                                 0x20000188   Data         512  startup_stm32f411xe.o(HEAP)
    HEAP                                     0x20000188   Section      512  startup_stm32f411xe.o(HEAP)
    Stack_Mem                                0x20000388   Data        1024  startup_stm32f411xe.o(STACK)
    STACK                                    0x20000388   Section     1024  startup_stm32f411xe.o(STACK)
    __initial_sp                             0x20000788   Data           0  startup_stm32f411xe.o(STACK)

    Global Symbols

    Symbol Name                              Value     Ov Type        Size  Object(Section)

    BuildAttributes$$THM_ISAv4$E$P$D$K$B$S$7EM$VFPi3$EXTD16$VFPS$VFMA$PE$A:L22UL41UL21$X:L11$S22US41US21$IEEE1$IW$~IW$USESV6$~STKCKD$USESV7$~SHL$OTIME$ROPI$EBA8$UX$STANDARDLIB$REQ8$EABIv2 0x00000000   Number         0  anon$$obj.o ABSOLUTE
    SHT$$ARM_EXIDX$$Base                      - Undefined Reference
    SHT$$ARM_EXIDX$$Limit                     - Undefined Reference
    __ARM_exceptions_init                     - Undefined Weak Reference
    __alloca_initialize                       - Undefined Weak Reference
    __arm_find_exidx_section                  - Undefined Weak Reference
    __arm_preinit_                            - Undefined Weak Reference
    __arm_relocate_pie_                       - Undefined Weak Reference
    __cpp_initialize__aeabi_                  - Undefined Weak Reference
    __cxa_finalize                            - Undefined Weak Reference
    __rt_locale                               - Undefined Weak Reference
    __sigvec_lookup                           - Undefined Weak Reference
    __user_heap_extent                        - Undefined Weak Reference
    _atexit_init                              - Undefined Weak Reference
    _call_atexit_fns                          - Undefined Weak Reference
    _clock_init                               - Undefined Weak Reference
    _fp_trap_init                             - Undefined Weak Reference
    _fp_trap_shutdown                         - Undefined Weak Reference
    _get_lc_collate                           - Undefined Weak Reference
    _get_lc_ctype                             - Undefined Weak Reference
    _get_lc_monetary                          - Undefined Weak Reference
    _get_lc_numeric                           - Undefined Weak Reference
    _get_lc_time                              - Undefined Weak Reference
    _getenv_init                              - Undefined Weak Reference
    _handle_redirection                       - Undefined Weak Reference
    _mutex_acquire                            - Undefined Weak Reference
    _mutex_free                               - Undefined Weak Reference
    _mutex_release                            - Undefined Weak Reference
    _printf_mbtowc                            - Undefined Weak Reference
    _printf_post_padding                      - Undefined Weak Reference
    _printf_pre_padding                       - Undefined Weak Reference
    _printf_truncate_signed                   - Undefined Weak Reference
    _printf_truncate_unsigned                 - Undefined Weak Reference
    _rand_init                                - Undefined Weak Reference
    _signal_finish                            - Undefined Weak Reference
    _signal_init                              - Undefined Weak Reference
    __Vectors_Size                           0x00000198   Number         0  startup_stm32f411xe.o ABSOLUTE
    __Vectors                                0x08000000   Data           4  startup_stm32f411xe.o(RESET)
    __Vectors_End                            0x08000198   Data           0  startup_stm32f411xe.o(RESET)
    __main                                   0x08000199   Thumb Code     8  __main.o(!!!main)
    __scatterload                            0x080001a1   Thumb Code     0  __scatter.o(!!!scatter)
    __scatterload_rt2                        0x080001a1   Thumb Code    84  __scatter.o(!!!scatter)
    __scatterload_rt2_thumb_only             0x080001a1   Thumb Code     0  __scatter.o(!!!scatter)
    __scatterload_loop                       0x080001ab   Thumb Code     0  __scatter.o(!!!scatter)
    __scatterload_copy                       0x080001fd   Thumb Code    26  __scatter_copy.o(!!handler_copy)
    __scatterload_null                       0x08000219   Thumb Code     2  __scatter.o(!!handler_null)
    __scatterload_zeroinit                   0x0800021d   Thumb Code    28  __scatter_zi.o(!!handler_zi)
    _printf_d                                0x08000239   Thumb Code     0  _printf_d.o(.ARM.Collect$$_printf_percent$$00000009)
    _printf_percent                          0x08000239   Thumb Code     0  _printf_percent.o(.ARM.Collect$$_printf_percent$$00000000)
    _printf_x                                0x0800023f   Thumb Code     0  _printf_x.o(.ARM.Collect$$_printf_percent$$0000000C)
    _printf_s                                0x08000245   Thumb Code     0  _printf_s.o(.ARM.Collect$$_printf_percent$$00000014)
    _printf_percent_end                      0x0800024b   Thumb Code     0  _printf_percent_end.o(.ARM.Collect$$_printf_percent$$00000017)
    __rt_lib_init                            0x0800024f   Thumb Code     0  libinit.o(.ARM.Collect$$libinit$$00000000)
    __rt_lib_init_fp_1                       0x08000251   Thumb Code     0  libinit2.o(.ARM.Collect$$libinit$$00000001)
    __rt_lib_init_heap_2                     0x08000255   Thumb Code     0  libinit2.o(.ARM.Collect$$libinit$$00000007)
    __rt_lib_init_preinit_1                  0x08000255   Thumb Code     0  libinit2.o(.ARM.Collect$$libinit$$00000006)
    __rt_lib_init_relocate_pie_1             0x08000255   Thumb Code     0  libinit2.o(.ARM.Collect$$libinit$$00000004)
    __rt_lib_init_atexit_1                   0x0800025d   Thumb Code     0  libinit2.o(.ARM.Collect$$libinit$$0000001D)
    __rt_lib_init_clock_1                    0x0800025d   Thumb Code     0  libinit2.o(.ARM.Collect$$libinit$$00000023)
    __rt_lib_init_fp_trap_1                  0x0800025d   Thumb Code     0  libinit2.o(.ARM.Collect$$libinit$$00000021)
    __rt_lib_init_getenv_1                   0x0800025d   Thumb Code     0  libinit2.o(.ARM.Collect$$libinit$$00000025)
    __rt_lib_init_heap_1                     0x0800025d   Thumb Code     0  libinit2.o(.ARM.Collect$$libinit$$0000000C)
    __rt_lib_init_lc_collate_1               0x0800025d   Thumb Code     0  libinit2.o(.ARM.Collect$$libinit$$00000013)
    __rt_lib_init_lc_ctype_1                 0x0800025d   Thumb Code     0  libinit2.o(.ARM.Collect$$libinit$$00000015)
    __rt_lib_init_lc_monetary_1              0x0800025d   Thumb Code     0  libinit2.o(.ARM.Collect$$libinit$$00000017)
    __rt_lib_init_lc_numeric_1               0x0800025d   Thumb Code     0  libinit2.o(.ARM.Collect$$libinit$$00000019)
    __rt_lib_init_lc_time_1                  0x0800025d   Thumb Code     0  libinit2.o(.ARM.Collect$$libinit$$0000001B)
    __rt_lib_init_rand_1                     0x0800025d   Thumb Code     0  libinit2.o(.ARM.Collect$$libinit$$00000010)
    __rt_lib_init_signal_1                   0x0800025d   Thumb Code     0  libinit2.o(.ARM.Collect$$libinit$$0000001F)
    __rt_lib_init_stdio_2                    0x0800025d   Thumb Code     0  libinit2.o(.ARM.Collect$$libinit$$00000026)
    __rt_lib_init_user_alloc_1               0x0800025d   Thumb Code     0  libinit2.o(.ARM.Collect$$libinit$$0000000E)
    __rt_lib_init_alloca_1                   0x08000261   Thumb Code     0  libinit2.o(.ARM.Collect$$libinit$$00000030)
    __rt_lib_init_argv_1                     0x08000261   Thumb Code     0  libinit2.o(.ARM.Collect$$libinit$$0000002E)
    __rt_lib_init_cpp_1                      0x08000261   Thumb Code     0  libinit2.o(.ARM.Collect$$libinit$$00000034)
    __rt_lib_init_exceptions_1               0x08000261   Thumb Code     0  libinit2.o(.ARM.Collect$$libinit$$00000032)
    __rt_lib_init_return                     0x08000261   Thumb Code     0  libinit2.o(.ARM.Collect$$libinit$$00000035)
    __rt_lib_init_stdio_1                    0x08000261   Thumb Code     0  libinit2.o(.ARM.Collect$$libinit$$00000027)
    __rt_lib_shutdown                        0x08000263   Thumb Code     0  libshutdown.o(.ARM.Collect$$libshutdown$$00000000)
    __rt_lib_shutdown_cpp_1                  0x08000265   Thumb Code     0  libshutdown2.o(.ARM.Collect$$libshutdown$$00000002)
    __rt_lib_shutdown_stdio_2                0x08000265   Thumb Code     0  libshutdown2.o(.ARM.Collect$$libshutdown$$00000003)
    __rt_lib_shutdown_fp_trap_1              0x08000269   Thumb Code     0  libshutdown2.o(.ARM.Collect$$libshutdown$$00000007)
    __rt_lib_shutdown_heap_1                 0x08000269   Thumb Code     0  libshutdown2.o(.ARM.Collect$$libshutdown$$0000000F)
    __rt_lib_shutdown_return                 0x08000269   Thumb Code     0  libshutdown2.o(.ARM.Collect$$libshutdown$$00000010)
    __rt_lib_shutdown_signal_1               0x08000269   Thumb Code     0  libshutdown2.o(.ARM.Collect$$libshutdown$$0000000A)
    __rt_lib_shutdown_stdio_1                0x08000269   Thumb Code     0  libshutdown2.o(.ARM.Collect$$libshutdown$$00000004)
    __rt_lib_shutdown_user_alloc_1           0x08000269   Thumb Code     0  libshutdown2.o(.ARM.Collect$$libshutdown$$0000000C)
    __rt_entry                               0x0800026b   Thumb Code     0  __rtentry.o(.ARM.Collect$$rtentry$$00000000)
    __rt_entry_presh_1                       0x0800026b   Thumb Code     0  __rtentry2.o(.ARM.Collect$$rtentry$$00000002)
    __rt_entry_sh                            0x0800026b   Thumb Code     0  __rtentry4.o(.ARM.Collect$$rtentry$$00000004)
    __rt_entry_li                            0x08000271   Thumb Code     0  __rtentry2.o(.ARM.Collect$$rtentry$$0000000A)
    __rt_entry_postsh_1                      0x08000271   Thumb Code     0  __rtentry2.o(.ARM.Collect$$rtentry$$00000009)
    __rt_entry_main                          0x08000275   Thumb Code     0  __rtentry2.o(.ARM.Collect$$rtentry$$0000000D)
    __rt_entry_postli_1                      0x08000275   Thumb Code     0  __rtentry2.o(.ARM.Collect$$rtentry$$0000000C)
    __rt_exit                                0x0800027d   Thumb Code     0  rtexit.o(.ARM.Collect$$rtexit$$00000000)
    __rt_exit_ls                             0x0800027f   Thumb Code     0  rtexit2.o(.ARM.Collect$$rtexit$$00000003)
    __rt_exit_prels_1                        0x0800027f   Thumb Code     0  rtexit2.o(.ARM.Collect$$rtexit$$00000002)
    __rt_exit_exit                           0x08000283   Thumb Code     0  rtexit2.o(.ARM.Collect$$rtexit$$00000004)
    hash_init                                0x08000288   Number         0  hash_init.o(.text)
    hash_interm                              0x080002d4   Number         0  hash_interm.o(.text)
    fibonacci                                0x08000304   Number         0  fibonacci.o(.text)
    xor_checksum                             0x08000338   Number         0  xor_checksum.o(.text)
    Reset_Handler                            0x08000351   Thumb Code     8  startup_stm32f411xe.o(.text)
    NMI_Handler                              0x08000359   Thumb Code     2  startup_stm32f411xe.o(.text)
    HardFault_Handler                        0x0800035b   Thumb Code     2  startup_stm32f411xe.o(.text)
    MemManage_Handler                        0x0800035d   Thumb Code     2  startup_stm32f411xe.o(.text)
    BusFault_Handler                         0x0800035f   Thumb Code     2  startup_stm32f411xe.o(.text)
    UsageFault_Handler                       0x08000361   Thumb Code     2  startup_stm32f411xe.o(.text)
    SVC_Handler                              0x08000363   Thumb Code     2  startup_stm32f411xe.o(.text)
    DebugMon_Handler                         0x08000365   Thumb Code     2  startup_stm32f411xe.o(.text)
    PendSV_Handler                           0x08000367   Thumb Code     2  startup_stm32f411xe.o(.text)
    ADC_IRQHandler                           0x0800036b   Thumb Code     0  startup_stm32f411xe.o(.text)
    DMA1_Stream0_IRQHandler                  0x0800036b   Thumb Code     0  startup_stm32f411xe.o(.text)
    DMA1_Stream1_IRQHandler                  0x0800036b   Thumb Code     0  startup_stm32f411xe.o(.text)
    DMA1_Stream2_IRQHandler                  0x0800036b   Thumb Code     0  startup_stm32f411xe.o(.text)
    DMA1_Stream3_IRQHandler                  0x0800036b   Thumb Code     0  startup_stm32f411xe.o(.text)
    DMA1_Stream4_IRQHandler                  0x0800036b   Thumb Code     0  startup_stm32f411xe.o(.text)
    DMA1_Stream5_IRQHandler                  0x0800036b   Thumb Code     0  startup_stm32f411xe.o(.text)
    DMA1_Stream6_IRQHandler                  0x0800036b   Thumb Code     0  startup_stm32f411xe.o(.text)
    DMA1_Stream7_IRQHandler                  0x0800036b   Thumb Code     0  startup_stm32f411xe.o(.text)
    DMA2_Stream0_IRQHandler                  0x0800036b   Thumb Code     0  startup_stm32f411xe.o(.text)
    DMA2_Stream1_IRQHandler                  0x0800036b   Thumb Code     0  startup_stm32f411xe.o(.text)
    DMA2_Stream2_IRQHandler                  0x0800036b   Thumb Code     0  startup_stm32f411xe.o(.text)
    DMA2_Stream3_IRQHandler                  0x0800036b   Thumb Code     0  startup_stm32f411xe.o(.text)
    DMA2_Stream4_IRQHandler                  0x0800036b   Thumb Code     0  startup_stm32f411xe.o(.text)
    DMA2_Stream5_IRQHandler                  0x0800036b   Thumb Code     0  startup_stm32f411xe.o(.text)
    DMA2_Stream6_IRQHandler                  0x0800036b   Thumb Code     0  startup_stm32f411xe.o(.text)
    DMA2_Stream7_IRQHandler                  0x0800036b   Thumb Code     0  startup_stm32f411xe.o(.text)
    FLASH_IRQHandler                         0x0800036b   Thumb Code     0  startup_stm32f411xe.o(.text)
    FPU_IRQHandler                           0x0800036b   Thumb Code     0  startup_stm32f411xe.o(.text)
    I2C1_ER_IRQHandler                       0x0800036b   Thumb Code     0  startup_stm32f411xe.o(.text)
    I2C1_EV_IRQHandler                       0x0800036b   Thumb Code     0  startup_stm32f411xe.o(.text)
    I2C2_ER_IRQHandler                       0x0800036b   Thumb Code     0  startup_stm32f411xe.o(.text)
    I2C2_EV_IRQHandler                       0x0800036b   Thumb Code     0  startup_stm32f411xe.o(.text)
    I2C3_ER_IRQHandler                       0x0800036b   Thumb Code     0  startup_stm32f411xe.o(.text)
    I2C3_EV_IRQHandler                       0x0800036b   Thumb Code     0  startup_stm32f411xe.o(.text)
    OTG_FS_IRQHandler                        0x0800036b   Thumb Code     0  startup_stm32f411xe.o(.text)
    OTG_FS_WKUP_IRQHandler                   0x0800036b   Thumb Code     0  startup_stm32f411xe.o(.text)
    PVD_IRQHandler                           0x0800036b   Thumb Code     0  startup_stm32f411xe.o(.text)
    RCC_IRQHandler                           0x0800036b   Thumb Code     0  startup_stm32f411xe.o(.text)
    RTC_Alarm_IRQHandler                     0x0800036b   Thumb Code     0  startup_stm32f411xe.o(.text)
    RTC_WKUP_IRQHandler                      0x0800036b   Thumb Code     0  startup_stm32f411xe.o(.text)
    SDIO_IRQHandler                          0x0800036b   Thumb Code     0  startup_stm32f411xe.o(.text)
    SPI1_IRQHandler                          0x0800036b   Thumb Code     0  startup_stm32f411xe.o(.text)
    SPI2_IRQHandler                          0x0800036b   Thumb Code     0  startup_stm32f411xe.o(.text)
    SPI3_IRQHandler                          0x0800036b   Thumb Code     0  startup_stm32f411xe.o(.text)
    SPI4_IRQHandler                          0x0800036b   Thumb Code     0  startup_stm32f411xe.o(.text)
    SPI5_IRQHandler                          0x0800036b   Thumb Code     0  startup_stm32f411xe.o(.text)
    TAMP_STAMP_IRQHandler                    0x0800036b   Thumb Code     0  startup_stm32f411xe.o(.text)
    TIM1_BRK_TIM9_IRQHandler                 0x0800036b   Thumb Code     0  startup_stm32f411xe.o(.text)
    TIM1_CC_IRQHandler                       0x0800036b   Thumb Code     0  startup_stm32f411xe.o(.text)
    TIM1_TRG_COM_TIM11_IRQHandler            0x0800036b   Thumb Code     0  startup_stm32f411xe.o(.text)
    TIM1_UP_TIM10_IRQHandler                 0x0800036b   Thumb Code     0  startup_stm32f411xe.o(.text)
    TIM2_IRQHandler                          0x0800036b   Thumb Code     0  startup_stm32f411xe.o(.text)
    TIM3_IRQHandler                          0x0800036b   Thumb Code     0  startup_stm32f411xe.o(.text)
    TIM4_IRQHandler                          0x0800036b   Thumb Code     0  startup_stm32f411xe.o(.text)
    TIM5_IRQHandler                          0x0800036b   Thumb Code     0  startup_stm32f411xe.o(.text)
    USART1_IRQHandler                        0x0800036b   Thumb Code     0  startup_stm32f411xe.o(.text)
    USART6_IRQHandler                        0x0800036b   Thumb Code     0  startup_stm32f411xe.o(.text)
    WWDG_IRQHandler                          0x0800036b   Thumb Code     0  startup_stm32f411xe.o(.text)
    __user_initial_stackheap                 0x0800036d   Thumb Code     0  startup_stm32f411xe.o(.text)
    malloc                                   0x08000391   Thumb Code    94  h1_alloc.o(.text)
    __2printf                                0x080003f1   Thumb Code    20  noretval__2printf.o(.text)
    __printf                                 0x08000409   Thumb Code   104  __printf.o(.text)
    _printf_str                              0x08000471   Thumb Code    82  _printf_str.o(.text)
    _printf_int_dec                          0x080004c5   Thumb Code   104  _printf_dec.o(.text)
    _printf_int_hex                          0x0800053d   Thumb Code    84  _printf_hex_int.o(.text)
    _printf_longlong_hex                     0x0800053d   Thumb Code     0  _printf_hex_int.o(.text)
    puts                                     0x08000595   Thumb Code    40  puts.o(.text)
    strcmp                                   0x080005c1   Thumb Code   124  strcmpv7em.o(.text)
    __use_two_region_memory                  0x0800063d   Thumb Code     2  heapauxi.o(.text)
    __rt_heap_escrow                         0x0800063f   Thumb Code     2  heapauxi.o(.text)
    __rt_heap_expand                         0x08000641   Thumb Code     2  heapauxi.o(.text)
    __rt_heap_descriptor                     0x08000645   Thumb Code     8  rt_heap_descriptor_intlibspace.o(.text)
    __use_no_heap                            0x0800064d   Thumb Code     2  hguard.o(.text)
    __heap$guard                             0x0800064f   Thumb Code     2  hguard.o(.text)
    _terminate_user_alloc                    0x08000651   Thumb Code     2  init_alloc.o(.text)
    _init_user_alloc                         0x08000653   Thumb Code     2  init_alloc.o(.text)
    __Heap_Full                              0x08000655   Thumb Code    34  init_alloc.o(.text)
    __Heap_Broken                            0x08000677   Thumb Code     6  init_alloc.o(.text)
    _init_alloc                              0x0800067d   Thumb Code    94  init_alloc.o(.text)
    __Heap_Initialize                        0x080006db   Thumb Code     8  h1_init.o(.text)
    __Heap_DescSize                          0x080006e3   Thumb Code     4  h1_init.o(.text)
    free                                     0x080006e7   Thumb Code    78  h1_free.o(.text)
    _printf_int_common                       0x08000735   Thumb Code   178  _printf_intcommon.o(.text)
    _printf_cs_common                        0x080007e7   Thumb Code    20  _printf_char.o(.text)
    _printf_char                             0x080007fb   Thumb Code    16  _printf_char.o(.text)
    _printf_string                           0x0800080b   Thumb Code     8  _printf_char.o(.text)
    _printf_char_file                        0x08000815   Thumb Code    32  _printf_char_file.o(.text)
    _sys_exit                                0x08000839   Thumb Code     8  sys_exit.o(.text)
    __user_libspace                          0x08000845   Thumb Code     8  libspace.o(.text)
    __user_perproc_libspace                  0x08000845   Thumb Code     0  libspace.o(.text)
    __user_perthread_libspace                0x08000845   Thumb Code     0  libspace.o(.text)
    __Heap_ProvideMemory                     0x0800084d   Thumb Code    52  h1_extend.o(.text)
    _maybe_terminate_alloc                   0x0800084d   Thumb Code     0  maybetermalloc1.o(.text)
    _printf_char_common                      0x0800088b   Thumb Code    32  _printf_char_common.o(.text)
    ferror                                   0x080008b1   Thumb Code     8  ferror.o(.text)
    __flsbuf                                 0x080008b9   Thumb Code   482  flsbuf.o(.text)
    __flsbuf_byte                            0x080008b9   Thumb Code     0  flsbuf.o(.text)
    __flsbuf_wide                            0x080008b9   Thumb Code     0  flsbuf.o(.text)
    _initio                                  0x08000a9d   Thumb Code   210  initio.o(.text)
    _terminateio                             0x08000b6f   Thumb Code    56  initio.o(.text)
    __rt_SIGRTMEM                            0x08000bd5   Thumb Code    14  defsig_rtmem_outer.o(.text)
    __aeabi_memclr4                          0x08000be3   Thumb Code     0  rt_memclr_w.o(.text)
    __aeabi_memclr8                          0x08000be3   Thumb Code     0  rt_memclr_w.o(.text)
    __rt_memclr_w                            0x08000be3   Thumb Code     0  rt_memclr_w.o(.text)
    _memset_w                                0x08000be7   Thumb Code    74  rt_memclr_w.o(.text)
    __I$use$semihosting                      0x08000c31   Thumb Code     0  use_no_semi.o(.text)
    __use_no_semihosting_swi                 0x08000c31   Thumb Code     2  use_no_semi.o(.text)
    __semihosting_library_function           0x08000c33   Thumb Code     0  indicate_semi.o(.text)
    __user_setup_stackheap                   0x08000c33   Thumb Code    74  sys_stackheap_outer.o(.text)
    setvbuf                                  0x08000c7d   Thumb Code    70  setvbuf.o(.text)
    _seterr                                  0x08000cc5   Thumb Code    20  stdio.o(.text)
    _writebuf                                0x08000cd9   Thumb Code   108  stdio.o(.text)
    _fflush                                  0x08000d45   Thumb Code    70  stdio.o(.text)
    _deferredlazyseek                        0x08000d8b   Thumb Code    60  stdio.o(.text)
    freopen                                  0x08000dcd   Thumb Code   160  fopen.o(.text)
    fopen                                    0x08000e6d   Thumb Code    74  fopen.o(.text)
    _fclose_internal                         0x08000ebd   Thumb Code    76  fclose.o(.text)
    fclose                                   0x08000ebd   Thumb Code     0  fclose.o(.text)
    exit                                     0x08000f09   Thumb Code    18  exit.o(.text)
    __sig_exit                               0x08000f1b   Thumb Code    10  defsig_exit.o(.text)
    __rt_SIGRTRED                            0x08000f25   Thumb Code    14  defsig_rtred_outer.o(.text)
    __rt_SIGRTMEM_inner                      0x08000f35   Thumb Code    22  defsig_rtmem_inner.o(.text)
    _fseek                                   0x08000f85   Thumb Code   242  fseek.o(.text)
    fseek                                    0x08000f85   Thumb Code     0  fseek.o(.text)
    __default_signal_display                 0x0800107d   Thumb Code    50  defsig_general.o(.text)
    __rt_SIGRTRED_inner                      0x080010b1   Thumb Code    14  defsig_rtred_inner.o(.text)
    _ttywrch                                 0x080010e5   Thumb Code    14  sys_wrch.o(.text)
    _ftell_internal                          0x080010f3   Thumb Code    66  ftell.o(.text)
    ftell                                    0x080010f3   Thumb Code     0  ftell.o(.text)
    __aeabi_errno_addr                       0x08001135   Thumb Code     8  rt_errno_addr_intlibspace.o(.text)
    __errno$intlibspace                      0x08001135   Thumb Code     0  rt_errno_addr_intlibspace.o(.text)
    __rt_errno_addr$intlibspace              0x08001135   Thumb Code     0  rt_errno_addr_intlibspace.o(.text)
    EXTI0_IRQHandler                         0x0800113d   Thumb Code   110  gpio.o(.text.EXTI0_IRQHandler)
    EXTI15_10_IRQHandler                     0x080011ad   Thumb Code   112  gpio.o(.text.EXTI15_10_IRQHandler)
    EXTI1_IRQHandler                         0x0800121d   Thumb Code   110  gpio.o(.text.EXTI1_IRQHandler)
    EXTI2_IRQHandler                         0x0800128d   Thumb Code   112  gpio.o(.text.EXTI2_IRQHandler)
    EXTI3_IRQHandler                         0x080012fd   Thumb Code   112  gpio.o(.text.EXTI3_IRQHandler)
    EXTI4_IRQHandler                         0x0800136d   Thumb Code   112  gpio.o(.text.EXTI4_IRQHandler)
    EXTI9_5_IRQHandler                       0x080013dd   Thumb Code   112  gpio.o(.text.EXTI9_5_IRQHandler)
    SysTick_Handler                          0x0800144d   Thumb Code    12  timer.o(.text.SysTick_Handler)
    SystemInit                               0x08001459   Thumb Code    18  system_stm32f4xx.o(.text.SystemInit)
    USART2_IRQHandler                        0x0800146d   Thumb Code    68  uart.o(.text.USART2_IRQHandler)
    USART_GetFlagStatus                      0x080014b1   Thumb Code    10  stm32f4xx_usart.o(.text.USART_GetFlagStatus)
    USART_ReceiveData                        0x080014bd   Thumb Code     8  stm32f4xx_usart.o(.text.USART_ReceiveData)
    _sys_close                               0x080014c5   Thumb Code    20  retarget_io.o(.text._sys_close)
    _sys_flen                                0x080014d9   Thumb Code    20  retarget_io.o(.text._sys_flen)
    _sys_istty                               0x080014ed   Thumb Code    16  retarget_io.o(.text._sys_istty)
    _sys_open                                0x080014fd   Thumb Code    90  retarget_io.o(.text._sys_open)
    _sys_seek                                0x08001559   Thumb Code     6  retarget_io.o(.text._sys_seek)
    _sys_write                               0x08001561   Thumb Code    66  retarget_io.o(.text._sys_write)
    main                                     0x080015a5   Thumb Code   148  main.o(.text.main)
    stderr_putchar                           0x080016c9   Thumb Code    44  stderr_itm.o(.text.stderr_putchar)
    stdout_putchar                           0x080016f5   Thumb Code    44  stdout_itm.o(.text.stdout_putchar)
    fputc                                    0x08001721   Thumb Code    28  fputc.o(i.fputc)
    _fp_init                                 0x0800173d   Thumb Code    26  fpinit.o(x$fpl$fpinit)
    __fplib_config_fpu_vfp                   0x08001755   Thumb Code     0  fpinit.o(x$fpl$fpinit)
    __fplib_config_pureend_doubles           0x08001755   Thumb Code     0  fpinit.o(x$fpl$fpinit)
    __stderr_name                            0x0800177e   Data           8  retarget_io.o(.rodata.__stderr_name)
    __stdin_name                             0x08001786   Data           7  retarget_io.o(.rodata.__stdin_name)
    __stdout_name                            0x0800178d   Data           8  retarget_io.o(.rodata.__stdout_name)
    Region$$Table$$Base                      0x080017dc   Number         0  anon$$obj.o(Region$$Table)
    Region$$Table$$Limit                     0x080017fc   Number         0  anon$$obj.o(Region$$Table)
    __aeabi_stdin                            0x20000000   Data           4  stdio_streams.o(.data)
    __aeabi_stdout                           0x20000004   Data           4  stdio_streams.o(.data)
    __aeabi_stderr                           0x20000008   Data           4  stdio_streams.o(.data)
    __stdin                                  0x20000010   Data          84  stdio_streams.o(.bss)
    __stdout                                 0x20000064   Data          84  stdio_streams.o(.bss)
    __stderr                                 0x200000b8   Data          84  stdio_streams.o(.bss)
    __libspace_start                         0x2000010c   Data          96  libspace.o(.bss)
    __temporary_stack_top$libspace           0x2000016c   Data           0  libspace.o(.bss)
    IRQ_pin_index                            0x20000170   Data           4  gpio.o(.bss.IRQ_pin_index)
    IRQ_port_num                             0x20000174   Data           4  gpio.o(.bss.IRQ_port_num)
    IRQ_status                               0x20000178   Data           4  gpio.o(.bss.IRQ_status)



==============================================================================

Memory Map of the image

  Image Entry point : 0x08000351

  Load Region LR_1 (Base: 0x08000000, Size: 0x00001808, Max: 0xffffffff, ABSOLUTE)

    Execution Region ER_RO (Exec base: 0x08000000, Load base: 0x08000000, Size: 0x000017fc, Max: 0xffffffff, ABSOLUTE)

    Exec Addr    Load Addr    Size         Type   Attr      Idx    E Section Name        Object

    0x08000000   0x08000000   0x00000198   Data   RO          667    RESET               startup_stm32f411xe.o
    0x08000198   0x08000198   0x00000008   Code   RO          808  * !!!main             c_w.l(__main.o)
    0x080001a0   0x080001a0   0x0000005c   Code   RO         1247    !!!scatter          c_w.l(__scatter.o)
    0x080001fc   0x080001fc   0x0000001a   Code   RO         1251    !!handler_copy      c_w.l(__scatter_copy.o)
    0x08000216   0x08000216   0x00000002   PAD
    0x08000218   0x08000218   0x00000002   Code   RO         1248    !!handler_null      c_w.l(__scatter.o)
    0x0800021a   0x0800021a   0x00000002   PAD
    0x0800021c   0x0800021c   0x0000001c   Code   RO         1253    !!handler_zi        c_w.l(__scatter_zi.o)
    0x08000238   0x08000238   0x00000000   Code   RO          801    .ARM.Collect$$_printf_percent$$00000000  c_w.l(_printf_percent.o)
    0x08000238   0x08000238   0x00000006   Code   RO          800    .ARM.Collect$$_printf_percent$$00000009  c_w.l(_printf_d.o)
    0x0800023e   0x0800023e   0x00000006   Code   RO          799    .ARM.Collect$$_printf_percent$$0000000C  c_w.l(_printf_x.o)
    0x08000244   0x08000244   0x00000006   Code   RO          798    .ARM.Collect$$_printf_percent$$00000014  c_w.l(_printf_s.o)
    0x0800024a   0x0800024a   0x00000004   Code   RO          902    .ARM.Collect$$_printf_percent$$00000017  c_w.l(_printf_percent_end.o)
    0x0800024e   0x0800024e   0x00000002   Code   RO         1171    .ARM.Collect$$libinit$$00000000  c_w.l(libinit.o)
    0x08000250   0x08000250   0x00000004   Code   RO          921    .ARM.Collect$$libinit$$00000001  c_w.l(libinit2.o)
    0x08000254   0x08000254   0x00000000   Code   RO          924    .ARM.Collect$$libinit$$00000004  c_w.l(libinit2.o)
    0x08000254   0x08000254   0x00000000   Code   RO          926    .ARM.Collect$$libinit$$00000006  c_w.l(libinit2.o)
    0x08000254   0x08000254   0x00000008   Code   RO          927    .ARM.Collect$$libinit$$00000007  c_w.l(libinit2.o)
    0x0800025c   0x0800025c   0x00000000   Code   RO          929    .ARM.Collect$$libinit$$0000000C  c_w.l(libinit2.o)
    0x0800025c   0x0800025c   0x00000000   Code   RO          931    .ARM.Collect$$libinit$$0000000E  c_w.l(libinit2.o)
    0x0800025c   0x0800025c   0x00000000   Code   RO          933    .ARM.Collect$$libinit$$00000010  c_w.l(libinit2.o)
    0x0800025c   0x0800025c   0x00000000   Code   RO          936    .ARM.Collect$$libinit$$00000013  c_w.l(libinit2.o)
    0x0800025c   0x0800025c   0x00000000   Code   RO          938    .ARM.Collect$$libinit$$00000015  c_w.l(libinit2.o)
    0x0800025c   0x0800025c   0x00000000   Code   RO          940    .ARM.Collect$$libinit$$00000017  c_w.l(libinit2.o)
    0x0800025c   0x0800025c   0x00000000   Code   RO          942    .ARM.Collect$$libinit$$00000019  c_w.l(libinit2.o)
    0x0800025c   0x0800025c   0x00000000   Code   RO          944    .ARM.Collect$$libinit$$0000001B  c_w.l(libinit2.o)
    0x0800025c   0x0800025c   0x00000000   Code   RO          946    .ARM.Collect$$libinit$$0000001D  c_w.l(libinit2.o)
    0x0800025c   0x0800025c   0x00000000   Code   RO          948    .ARM.Collect$$libinit$$0000001F  c_w.l(libinit2.o)
    0x0800025c   0x0800025c   0x00000000   Code   RO          950    .ARM.Collect$$libinit$$00000021  c_w.l(libinit2.o)
    0x0800025c   0x0800025c   0x00000000   Code   RO          952    .ARM.Collect$$libinit$$00000023  c_w.l(libinit2.o)
    0x0800025c   0x0800025c   0x00000000   Code   RO          954    .ARM.Collect$$libinit$$00000025  c_w.l(libinit2.o)
    0x0800025c   0x0800025c   0x00000004   Code   RO          955    .ARM.Collect$$libinit$$00000026  c_w.l(libinit2.o)
    0x08000260   0x08000260   0x00000000   Code   RO          956    .ARM.Collect$$libinit$$00000027  c_w.l(libinit2.o)
    0x08000260   0x08000260   0x00000000   Code   RO          960    .ARM.Collect$$libinit$$0000002E  c_w.l(libinit2.o)
    0x08000260   0x08000260   0x00000000   Code   RO          962    .ARM.Collect$$libinit$$00000030  c_w.l(libinit2.o)
    0x08000260   0x08000260   0x00000000   Code   RO          964    .ARM.Collect$$libinit$$00000032  c_w.l(libinit2.o)
    0x08000260   0x08000260   0x00000000   Code   RO          966    .ARM.Collect$$libinit$$00000034  c_w.l(libinit2.o)
    0x08000260   0x08000260   0x00000002   Code   RO          967    .ARM.Collect$$libinit$$00000035  c_w.l(libinit2.o)
    0x08000262   0x08000262   0x00000002   Code   RO         1244    .ARM.Collect$$libshutdown$$00000000  c_w.l(libshutdown.o)
    0x08000264   0x08000264   0x00000000   Code   RO         1173    .ARM.Collect$$libshutdown$$00000002  c_w.l(libshutdown2.o)
    0x08000264   0x08000264   0x00000004   Code   RO         1174    .ARM.Collect$$libshutdown$$00000003  c_w.l(libshutdown2.o)
    0x08000268   0x08000268   0x00000000   Code   RO         1175    .ARM.Collect$$libshutdown$$00000004  c_w.l(libshutdown2.o)
    0x08000268   0x08000268   0x00000000   Code   RO         1178    .ARM.Collect$$libshutdown$$00000007  c_w.l(libshutdown2.o)
    0x08000268   0x08000268   0x00000000   Code   RO         1181    .ARM.Collect$$libshutdown$$0000000A  c_w.l(libshutdown2.o)
    0x08000268   0x08000268   0x00000000   Code   RO         1183    .ARM.Collect$$libshutdown$$0000000C  c_w.l(libshutdown2.o)
    0x08000268   0x08000268   0x00000000   Code   RO         1186    .ARM.Collect$$libshutdown$$0000000F  c_w.l(libshutdown2.o)
    0x08000268   0x08000268   0x00000002   Code   RO         1187    .ARM.Collect$$libshutdown$$00000010  c_w.l(libshutdown2.o)
    0x0800026a   0x0800026a   0x00000000   Code   RO          866    .ARM.Collect$$rtentry$$00000000  c_w.l(__rtentry.o)
    0x0800026a   0x0800026a   0x00000000   Code   RO         1060    .ARM.Collect$$rtentry$$00000002  c_w.l(__rtentry2.o)
    0x0800026a   0x0800026a   0x00000006   Code   RO         1072    .ARM.Collect$$rtentry$$00000004  c_w.l(__rtentry4.o)
    0x08000270   0x08000270   0x00000000   Code   RO         1062    .ARM.Collect$$rtentry$$00000009  c_w.l(__rtentry2.o)
    0x08000270   0x08000270   0x00000004   Code   RO         1063    .ARM.Collect$$rtentry$$0000000A  c_w.l(__rtentry2.o)
    0x08000274   0x08000274   0x00000000   Code   RO         1065    .ARM.Collect$$rtentry$$0000000C  c_w.l(__rtentry2.o)
    0x08000274   0x08000274   0x00000008   Code   RO         1066    .ARM.Collect$$rtentry$$0000000D  c_w.l(__rtentry2.o)
    0x0800027c   0x0800027c   0x00000002   Code   RO         1188    .ARM.Collect$$rtexit$$00000000  c_w.l(rtexit.o)
    0x0800027e   0x0800027e   0x00000000   Code   RO         1215    .ARM.Collect$$rtexit$$00000002  c_w.l(rtexit2.o)
    0x0800027e   0x0800027e   0x00000004   Code   RO         1216    .ARM.Collect$$rtexit$$00000003  c_w.l(rtexit2.o)
    0x08000282   0x08000282   0x00000006   Code   RO         1217    .ARM.Collect$$rtexit$$00000004  c_w.l(rtexit2.o)
    0x08000288   0x08000288   0x0000004c   Code   RO            1    .text               hash_init.o
    0x080002d4   0x080002d4   0x0000002e   Code   RO           18    .text               hash_interm.o
    0x08000302   0x08000302   0x00000002   PAD
    0x08000304   0x08000304   0x00000032   Code   RO           23    .text               fibonacci.o
    0x08000336   0x08000336   0x00000002   PAD
    0x08000338   0x08000338   0x00000018   Code   RO           28    .text               xor_checksum.o
    0x08000350   0x08000350   0x00000040   Code   RO          668  * .text               startup_stm32f411xe.o
    0x08000390   0x08000390   0x0000005e   Code   RO          693    .text               c_w.l(h1_alloc.o)
    0x080003ee   0x080003ee   0x00000002   PAD
    0x080003f0   0x080003f0   0x00000018   Code   RO          749    .text               c_w.l(noretval__2printf.o)
    0x08000408   0x08000408   0x00000068   Code   RO          751    .text               c_w.l(__printf.o)
    0x08000470   0x08000470   0x00000052   Code   RO          753    .text               c_w.l(_printf_str.o)
    0x080004c2   0x080004c2   0x00000002   PAD
    0x080004c4   0x080004c4   0x00000078   Code   RO          755    .text               c_w.l(_printf_dec.o)
    0x0800053c   0x0800053c   0x00000058   Code   RO          760    .text               c_w.l(_printf_hex_int.o)
    0x08000594   0x08000594   0x0000002c   Code   RO          802    .text               c_w.l(puts.o)
    0x080005c0   0x080005c0   0x0000007c   Code   RO          804    .text               c_w.l(strcmpv7em.o)
    0x0800063c   0x0800063c   0x00000006   Code   RO          806    .text               c_w.l(heapauxi.o)
    0x08000642   0x08000642   0x00000002   PAD
    0x08000644   0x08000644   0x00000008   Code   RO          870    .text               c_w.l(rt_heap_descriptor_intlibspace.o)
    0x0800064c   0x0800064c   0x00000004   Code   RO          872    .text               c_w.l(hguard.o)
    0x08000650   0x08000650   0x0000008a   Code   RO          874    .text               c_w.l(init_alloc.o)
    0x080006da   0x080006da   0x0000000c   Code   RO          880    .text               c_w.l(h1_init.o)
    0x080006e6   0x080006e6   0x0000004e   Code   RO          882    .text               c_w.l(h1_free.o)
    0x08000734   0x08000734   0x000000b2   Code   RO          896    .text               c_w.l(_printf_intcommon.o)
    0x080007e6   0x080007e6   0x0000002c   Code   RO          898    .text               c_w.l(_printf_char.o)
    0x08000812   0x08000812   0x00000002   PAD
    0x08000814   0x08000814   0x00000024   Code   RO          900    .text               c_w.l(_printf_char_file.o)
    0x08000838   0x08000838   0x0000000c   Code   RO         1050    .text               c_w.l(sys_exit.o)
    0x08000844   0x08000844   0x00000008   Code   RO         1056    .text               c_w.l(libspace.o)
    0x0800084c   0x0800084c   0x00000000   Code   RO         1076    .text               c_w.l(maybetermalloc1.o)
    0x0800084c   0x0800084c   0x00000034   Code   RO         1078    .text               c_w.l(h1_extend.o)
    0x08000880   0x08000880   0x00000030   Code   RO         1082    .text               c_w.l(_printf_char_common.o)
    0x080008b0   0x080008b0   0x00000008   Code   RO         1084    .text               c_w.l(ferror.o)
    0x080008b8   0x080008b8   0x000001e2   Code   RO         1086    .text               c_w.l(flsbuf.o)
    0x08000a9a   0x08000a9a   0x00000002   PAD
    0x08000a9c   0x08000a9c   0x00000138   Code   RO         1088    .text               c_w.l(initio.o)
    0x08000bd4   0x08000bd4   0x0000000e   Code   RO         1098    .text               c_w.l(defsig_rtmem_outer.o)
    0x08000be2   0x08000be2   0x0000004e   Code   RO         1104    .text               c_w.l(rt_memclr_w.o)
    0x08000c30   0x08000c30   0x00000002   Code   RO         1116    .text               c_w.l(use_no_semi.o)
    0x08000c32   0x08000c32   0x00000000   Code   RO         1118    .text               c_w.l(indicate_semi.o)
    0x08000c32   0x08000c32   0x0000004a   Code   RO         1119    .text               c_w.l(sys_stackheap_outer.o)
    0x08000c7c   0x08000c7c   0x00000046   Code   RO         1129    .text               c_w.l(setvbuf.o)
    0x08000cc2   0x08000cc2   0x00000002   PAD
    0x08000cc4   0x08000cc4   0x00000108   Code   RO         1131    .text               c_w.l(stdio.o)
    0x08000dcc   0x08000dcc   0x000000f0   Code   RO         1136    .text               c_w.l(fopen.o)
    0x08000ebc   0x08000ebc   0x0000004c   Code   RO         1138    .text               c_w.l(fclose.o)
    0x08000f08   0x08000f08   0x00000012   Code   RO         1148    .text               c_w.l(exit.o)
    0x08000f1a   0x08000f1a   0x0000000a   Code   RO         1150    .text               c_w.l(defsig_exit.o)
    0x08000f24   0x08000f24   0x0000000e   Code   RO         1154    .text               c_w.l(defsig_rtred_outer.o)
    0x08000f32   0x08000f32   0x00000002   PAD
    0x08000f34   0x08000f34   0x00000050   Code   RO         1158    .text               c_w.l(defsig_rtmem_inner.o)
    0x08000f84   0x08000f84   0x000000f8   Code   RO         1198    .text               c_w.l(fseek.o)
    0x0800107c   0x0800107c   0x00000032   Code   RO         1206    .text               c_w.l(defsig_general.o)
    0x080010ae   0x080010ae   0x00000002   PAD
    0x080010b0   0x080010b0   0x00000034   Code   RO         1208    .text               c_w.l(defsig_rtred_inner.o)
    0x080010e4   0x080010e4   0x0000000e   Code   RO         1210    .text               c_w.l(sys_wrch.o)
    0x080010f2   0x080010f2   0x00000042   Code   RO         1221    .text               c_w.l(ftell.o)
    0x08001134   0x08001134   0x00000008   Code   RO         1228    .text               c_w.l(rt_errno_addr_intlibspace.o)
    0x0800113c   0x0800113c   0x0000006e   Code   RO          139    .text.EXTI0_IRQHandler  gpio.o
    0x080011aa   0x080011aa   0x00000002   PAD
    0x080011ac   0x080011ac   0x00000070   Code   RO          151    .text.EXTI15_10_IRQHandler  gpio.o
    0x0800121c   0x0800121c   0x0000006e   Code   RO          141    .text.EXTI1_IRQHandler  gpio.o
    0x0800128a   0x0800128a   0x00000002   PAD
    0x0800128c   0x0800128c   0x00000070   Code   RO          143    .text.EXTI2_IRQHandler  gpio.o
    0x080012fc   0x080012fc   0x00000070   Code   RO          145    .text.EXTI3_IRQHandler  gpio.o
    0x0800136c   0x0800136c   0x00000070   Code   RO          147    .text.EXTI4_IRQHandler  gpio.o
    0x080013dc   0x080013dc   0x00000070   Code   RO          149    .text.EXTI9_5_IRQHandler  gpio.o
    0x0800144c   0x0800144c   0x0000000c   Code   RO          578    .text.SysTick_Handler  timer.o
    0x08001458   0x08001458   0x00000012   Code   RO          675    .text.SystemInit    system_stm32f4xx.o
    0x0800146a   0x0800146a   0x00000002   PAD
    0x0800146c   0x0800146c   0x00000044   Code   RO          602    .text.USART2_IRQHandler  uart.o
    0x080014b0   0x080014b0   0x0000000a   Code   RO          554    .text.USART_GetFlagStatus  stm32f4xx_usart.o
    0x080014ba   0x080014ba   0x00000002   PAD
    0x080014bc   0x080014bc   0x00000008   Code   RO          524    .text.USART_ReceiveData  stm32f4xx_usart.o
    0x080014c4   0x080014c4   0x00000014   Code   RO          615    .text._sys_close    retarget_io.o
    0x080014d8   0x080014d8   0x00000014   Code   RO          625    .text._sys_flen     retarget_io.o
    0x080014ec   0x080014ec   0x00000010   Code   RO          621    .text._sys_istty    retarget_io.o
    0x080014fc   0x080014fc   0x0000005a   Code   RO          613    .text._sys_open     retarget_io.o
    0x08001556   0x08001556   0x00000002   PAD
    0x08001558   0x08001558   0x00000006   Code   RO          623    .text._sys_seek     retarget_io.o
    0x0800155e   0x0800155e   0x00000002   PAD
    0x08001560   0x08001560   0x00000042   Code   RO          617    .text._sys_write    retarget_io.o
    0x080015a2   0x080015a2   0x00000002   PAD
    0x080015a4   0x080015a4   0x00000124   Code   RO            7    .text.main          main.o
    0x080016c8   0x080016c8   0x0000002c   Code   RO          638    .text.stderr_putchar  stderr_itm.o
    0x080016f4   0x080016f4   0x0000002c   Code   RO          657    .text.stdout_putchar  stdout_itm.o
    0x08001720   0x08001720   0x0000001c   Code   RO          904    i.fputc             c_w.l(fputc.o)
    0x0800173c   0x0800173c   0x0000001a   Code   RO         1113    x$fpl$fpinit        fz_wm.l(fpinit.o)
    0x08001756   0x08001756   0x00000028   Data   RO          761    .constdata          c_w.l(_printf_hex_int.o)
    0x0800177e   0x0800177e   0x00000008   Data   RO          629    .rodata.__stderr_name  retarget_io.o
    0x08001786   0x08001786   0x00000007   Data   RO          627    .rodata.__stdin_name  retarget_io.o
    0x0800178d   0x0800178d   0x00000008   Data   RO          628    .rodata.__stdout_name  retarget_io.o
    0x08001795   0x08001795   0x00000046   Data   RO            9    .rodata.str1.1      main.o
    0x080017db   0x080017db   0x00000001   PAD
    0x080017dc   0x080017dc   0x00000020   Data   RO         1246    Region$$Table       anon$$obj.o


    Execution Region ER_RW (Exec base: 0x20000000, Load base: 0x080017fc, Size: 0x0000000c, Max: 0xffffffff, ABSOLUTE)

    Exec Addr    Load Addr    Size         Type   Attr      Idx    E Section Name        Object

    0x20000000   0x080017fc   0x00000004   Data   RW          910    .data               c_w.l(stdio_streams.o)
    0x20000004   0x08001800   0x00000004   Data   RW          911    .data               c_w.l(stdio_streams.o)
    0x20000008   0x08001804   0x00000004   Data   RW          912    .data               c_w.l(stdio_streams.o)


    Execution Region ER_ZI (Exec base: 0x20000010, Load base: 0x08001808, Size: 0x00000778, Max: 0xffffffff, ABSOLUTE)

    Exec Addr    Load Addr    Size         Type   Attr      Idx    E Section Name        Object

    0x20000010        -       0x00000054   Zero   RW          907    .bss                c_w.l(stdio_streams.o)
    0x20000064        -       0x00000054   Zero   RW          908    .bss                c_w.l(stdio_streams.o)
    0x200000b8        -       0x00000054   Zero   RW          909    .bss                c_w.l(stdio_streams.o)
    0x2000010c        -       0x00000060   Zero   RW         1057    .bss                c_w.l(libspace.o)
    0x2000016c        -       0x00000004   Zero   RW          157    .bss.GPIO_callback  gpio.o
    0x20000170        -       0x00000004   Zero   RW          155    .bss.IRQ_pin_index  gpio.o
    0x20000174        -       0x00000004   Zero   RW          154    .bss.IRQ_port_num   gpio.o
    0x20000178        -       0x00000004   Zero   RW          153    .bss.IRQ_status     gpio.o
    0x2000017c        -       0x00000004   Zero   RW          604    .bss.UART_callback  uart.o
    0x20000180        -       0x00000004   Zero   RW          580    .bss.timer_callback  timer.o
    0x20000184   0x08001808   0x00000004   PAD
    0x20000188        -       0x00000200   Zero   RW          666    HEAP                startup_stm32f411xe.o
    0x20000388        -       0x00000400   Zero   RW          665    STACK               startup_stm32f411xe.o


==============================================================================

Image component sizes


      Code (inc. data)   RO Data    RW Data    ZI Data      Debug   Object Name

        50          0          0          0          0        368   fibonacci.o
       780          0          0          0         16      14319   gpio.o
        76          0          0          0          0        528   hash_init.o
        46          0          0          0          0        363   hash_interm.o
       292        144         70          0          0       1144   main.o
       218          0         23          0          0       2939   retarget_io.o
        64         26        408          0       1536        896   startup_stm32f411xe.o
        44          0          0          0          0       1577   stderr_itm.o
        44          0          0          0          0       1577   stdout_itm.o
        18          0          0          0          0       8087   stm32f4xx_usart.o
        18          0          0          0          0       3010   system_stm32f4xx.o
        12          0          0          0          4       4503   timer.o
        68          0          0          0          4       6496   uart.o
        24          0          0          0          0        355   xor_checksum.o

    ----------------------------------------------------------------------
      1772        170        534          0       1564      46162   Object Totals
         0          0         32          0          0          0   (incl. Generated)
        18          0          1          0          4          0   (incl. Padding)

    ----------------------------------------------------------------------

      Code (inc. data)   RO Data    RW Data    ZI Data      Debug   Library Member Name

         8          0          0          0          0         68   __main.o
       104          0          0          0          0         84   __printf.o
         0          0          0          0          0          0   __rtentry.o
        12          0          0          0          0          0   __rtentry2.o
         6          0          0          0          0          0   __rtentry4.o
        94          8          0          0          0          0   __scatter.o
        26          0          0          0          0          0   __scatter_copy.o
        28          0          0          0          0          0   __scatter_zi.o
        44          0          0          0          0        108   _printf_char.o
        48          6          0          0          0         96   _printf_char_common.o
        36          4          0          0          0         80   _printf_char_file.o
         6          0          0          0          0          0   _printf_d.o
       120         16          0          0          0         92   _printf_dec.o
        88          4         40          0          0         88   _printf_hex_int.o
       178          0          0          0          0         88   _printf_intcommon.o
         0          0          0          0          0          0   _printf_percent.o
         4          0          0          0          0          0   _printf_percent_end.o
         6          0          0          0          0          0   _printf_s.o
        82          0          0          0          0         80   _printf_str.o
         6          0          0          0          0          0   _printf_x.o
        10          0          0          0          0         68   defsig_exit.o
        50          0          0          0          0         88   defsig_general.o
        80         58          0          0          0         76   defsig_rtmem_inner.o
        14          0          0          0          0         80   defsig_rtmem_outer.o
        52         38          0          0          0         76   defsig_rtred_inner.o
        14          0          0          0          0         80   defsig_rtred_outer.o
        18          0          0          0          0         80   exit.o
        76          0          0          0          0         88   fclose.o
         8          0          0          0          0         68   ferror.o
       482          0          0          0          0         92   flsbuf.o
       240          6          0          0          0        128   fopen.o
        28          0          0          0          0         68   fputc.o
       248          6          0          0          0         84   fseek.o
        66          0          0          0          0         76   ftell.o
        94          0          0          0          0         80   h1_alloc.o
        52          0          0          0          0         68   h1_extend.o
        78          0          0          0          0         80   h1_free.o
        12          0          0          0          0         84   h1_init.o
         6          0          0          0          0        152   heapauxi.o
         4          0          0          0          0        136   hguard.o
         0          0          0          0          0          0   indicate_semi.o
       138          0          0          0          0        168   init_alloc.o
       312         46          0          0          0        112   initio.o
         2          0          0          0          0          0   libinit.o
        18          0          0          0          0          0   libinit2.o
         2          0          0          0          0          0   libshutdown.o
         6          0          0          0          0          0   libshutdown2.o
         8          4          0          0         96         68   libspace.o
         0          0          0          0          0          0   maybetermalloc1.o
        24          4          0          0          0         84   noretval__2printf.o
        44          4          0          0          0         84   puts.o
         8          4          0          0          0         68   rt_errno_addr_intlibspace.o
         8          4          0          0          0         68   rt_heap_descriptor_intlibspace.o
        78          0          0          0          0         80   rt_memclr_w.o
         2          0          0          0          0          0   rtexit.o
        10          0          0          0          0          0   rtexit2.o
        70          0          0          0          0         80   setvbuf.o
       264          6          0          0          0        160   stdio.o
         0          0          0         12        252          0   stdio_streams.o
       124          0          0          0          0         88   strcmpv7em.o
        12          4          0          0          0         68   sys_exit.o
        74          0          0          0          0         80   sys_stackheap_outer.o
        14          0          0          0          0         76   sys_wrch.o
         2          0          0          0          0         68   use_no_semi.o
        26          0          0          0          0        116   fpinit.o

    ----------------------------------------------------------------------
      3794        222         40         12        348       4004   Library Totals
        20          0          0          0          0          0   (incl. Padding)

    ----------------------------------------------------------------------

      Code (inc. data)   RO Data    RW Data    ZI Data      Debug   Library Name

      3748        222         40         12        348       3888   c_w.l
        26          0          0          0          0        116   fz_wm.l

    ----------------------------------------------------------------------
      3794        222         40         12        348       4004   Library Totals

    ----------------------------------------------------------------------

==============================================================================


      Code (inc. data)   RO Data    RW Data    ZI Data      Debug   

      5566        392        574         12       1912      47942   Grand Totals
      5566        392        574         12       1912      47942   ELF Image Totals
      5566        392        574         12          0          0   ROM Totals

==============================================================================

    Total RO  Size (Code + RO Data)                 6140 (   6.00kB)
    Total RW  Size (RW Data + ZI Data)              1924 (   1.88kB)
    Total ROM Size (Code + RO Data + RW Data)       6152 (   6.01kB)

==============================================================================

